--
-- Testing alter_table_set_access_method
--
-- 1. check conversion of 'heap' table to 'columnar'
CREATE TABLE t (a INT) USING heap;
SELECT COUNT(1) FROM pg_class WHERE relname = 't' AND relam = (SELECT oid FROM pg_am WHERE amname = 'heap');
 count 
-------
     1
(1 row)

INSERT INTO t VALUES (1),(2),(3);
SELECT COUNT(*) = 3 FROM t;
 ?column? 
----------
 t
(1 row)

SELECT columnar.alter_table_set_access_method('t', 'columnar');
 alter_table_set_access_method 
-------------------------------
 t
(1 row)

SELECT COUNT(1) FROM pg_class WHERE relname = 't' AND relam = (SELECT oid FROM pg_am WHERE amname = 'columnar');
 count 
-------
     1
(1 row)

SELECT COUNT(*)  = 3 FROM t;
 ?column? 
----------
 t
(1 row)

DROP TABLE t;
-- 2. check conversion of 'columnar' table to 'heap'
CREATE TABLE t (a INT) USING columnar;
SELECT COUNT(1) FROM pg_class WHERE relname = 't' AND relam = (SELECT oid FROM pg_am WHERE amname = 'columnar');
 count 
-------
     1
(1 row)

INSERT INTO t VALUES (1),(2),(3);
SELECT COUNT(*) = 3 FROM t;
 ?column? 
----------
 t
(1 row)

SELECT columnar.alter_table_set_access_method('t', 'heap');
 alter_table_set_access_method 
-------------------------------
 t
(1 row)

SELECT COUNT(1) FROM pg_class WHERE relname = 't' AND relam = (SELECT oid FROM pg_am WHERE amname = 'heap');
 count 
-------
     1
(1 row)

SELECT COUNT(*)  = 3 FROM t;
 ?column? 
----------
 t
(1 row)

DROP TABLE t;
-- 3. check conversion of tables with trigger
CREATE TABLE t (a INT) USING heap;
CREATE or REPLACE FUNCTION trs_before() RETURNS trigger LANGUAGE plpgsql AS $$
BEGIN
  RAISE NOTICE 'BEFORE STATEMENT %', TG_OP;
  RETURN NULL;
END;
$$;
CREATE TRIGGER tr_before_stmt BEFORE INSERT ON t
  FOR EACH STATEMENT EXECUTE PROCEDURE trs_before();
CREATE or REPLACE FUNCTION trs_after() RETURNS trigger LANGUAGE plpgsql AS $$
BEGIN
  RAISE NOTICE 'AFTER STATEMENT %', TG_OP;
  RETURN NULL;
END;
$$;
CREATE TRIGGER tr_after_stmt AFTER INSERT ON t
  FOR EACH STATEMENT EXECUTE PROCEDURE trs_after();
CREATE or REPLACE FUNCTION trr_before() RETURNS trigger LANGUAGE plpgsql AS $$
BEGIN
   RAISE NOTICE 'BEFORE ROW %: (%)', TG_OP, NEW.a;
   RETURN NEW;
END;
$$;
CREATE TRIGGER tr_before_row BEFORE INSERT ON t
  FOR EACH ROW EXECUTE PROCEDURE trr_before();
create or replace function trr_after() returns trigger language plpgsql as $$
BEGIN
   RAISE NOTICE 'AFTER ROW %: (%)', TG_OP, NEW.a;
   RETURN NEW;
END;
$$;
-- This trigger should not be applied to columnar table
CREATE TRIGGER tr_after_row AFTER INSERT ON t
  FOR EACH ROW EXECUTE PROCEDURE trr_after();
INSERT INTO t VALUES (1);
NOTICE:  BEFORE STATEMENT INSERT
NOTICE:  BEFORE ROW INSERT: (1)
NOTICE:  AFTER ROW INSERT: (1)
NOTICE:  AFTER STATEMENT INSERT
SELECT COUNT(*) = 4 FROM pg_trigger WHERE tgrelid = 't'::regclass::oid;
 ?column? 
----------
 t
(1 row)

SELECT columnar.alter_table_set_access_method('t', 'columnar');
WARNING:  Trigger `CREATE TRIGGER tr_after_row AFTER INSERT ON public.t FOR EACH ROW EXECUTE FUNCTION trr_after()` cannot be applied.
WARNING:  Foreign keys and AFTER ROW triggers are not supported for columnar tables. Consider an AFTER STATEMENT trigger instead.
 alter_table_set_access_method 
-------------------------------
 t
(1 row)

SELECT COUNT(1) FROM pg_class WHERE relname = 't' AND relam = (SELECT oid FROM pg_am WHERE amname = 'columnar');
 count 
-------
     1
(1 row)

SELECT COUNT(*) = 3 FROM pg_trigger WHERE tgrelid = 't'::regclass::oid;
 ?column? 
----------
 t
(1 row)

INSERT INTO t VALUES (1);
NOTICE:  BEFORE STATEMENT INSERT
NOTICE:  BEFORE ROW INSERT: (1)
NOTICE:  AFTER STATEMENT INSERT
-- Convert back to 'heap'
SELECT columnar.alter_table_set_access_method('t', 'heap');
 alter_table_set_access_method 
-------------------------------
 t
(1 row)

SELECT COUNT(1) FROM pg_class WHERE relname = 't' AND relam = (SELECT oid FROM pg_am WHERE amname = 'heap');
 count 
-------
     1
(1 row)

SELECT COUNT(*) = 3 FROM pg_trigger WHERE tgrelid = 't'::regclass::oid;
 ?column? 
----------
 t
(1 row)

INSERT INTO t VALUES (1);
NOTICE:  BEFORE STATEMENT INSERT
NOTICE:  BEFORE ROW INSERT: (1)
NOTICE:  AFTER STATEMENT INSERT
SELECT COUNT(*) = 3 FROM t;
 ?column? 
----------
 t
(1 row)

DROP TABLE t;
-- 4. check conversion of tables with indexes which can be created with columnar
CREATE TABLE index_table (a INT) USING heap;
CREATE INDEX idx1 ON index_table (a);
-- also create an index with statistics
CREATE INDEX idx2 ON index_table ((a+1));
ALTER INDEX idx2 ALTER COLUMN 1 SET STATISTICS 300;
SELECT COUNT(1) FROM pg_class WHERE relname = 'index_table' AND relam = (SELECT oid FROM pg_am WHERE amname = 'heap');
 count 
-------
     1
(1 row)

SELECT indexname FROM pg_indexes WHERE tablename = 'index_table' ORDER BY indexname;
 indexname 
-----------
 idx1
 idx2
(2 rows)

SELECT columnar.alter_table_set_access_method('index_table', 'columnar');
 alter_table_set_access_method 
-------------------------------
 t
(1 row)

SELECT COUNT(1) FROM pg_class WHERE relname = 'index_table' AND relam = (SELECT oid FROM pg_am WHERE amname = 'columnar');
 count 
-------
     1
(1 row)

SELECT indexname FROM pg_indexes WHERE tablename = 'index_table' ORDER BY indexname;
 indexname 
-----------
 idx1
 idx2
(2 rows)

-- Convert back to 'heap'
SELECT columnar.alter_table_set_access_method('index_table', 'heap');
 alter_table_set_access_method 
-------------------------------
 t
(1 row)

SELECT COUNT(1) FROM pg_class WHERE relname = 'index_table' AND relam = (SELECT oid FROM pg_am WHERE amname = 'heap');
 count 
-------
     1
(1 row)

SELECT indexname FROM pg_indexes WHERE tablename = 'index_table' ORDER BY indexname;
 indexname 
-----------
 idx1
 idx2
(2 rows)

DROP TABLE index_table;
-- 5. Convert table with indexes and constraints
CREATE TABLE tbl (
  c1 CIRCLE,
  c2 TEXT,
  i int4[],
  p point,
  a int,
  EXCLUDE USING gist
    (c1 WITH &&, (c2::circle) WITH &&)
    WHERE (circle_center(c1) <> '(0,0)'),
  EXCLUDE USING btree
    (a WITH =)
	INCLUDE(p)
	WHERE (c2 < 'astring')
);
CREATE INDEX tbl_gin ON tbl USING gin (i);
CREATE INDEX tbl_gist ON tbl USING gist(p);
CREATE INDEX tbl_brin ON tbl USING brin (a) WITH (pages_per_range = 1);
CREATE INDEX tbl_hash ON tbl USING hash (c2);
ALTER TABLE tbl ADD CONSTRAINT tbl_unique UNIQUE (c2);
CREATE UNIQUE INDEX tbl_btree ON tbl USING btree (a);
ALTER TABLE tbl ADD CONSTRAINT tbl_pkey PRIMARY KEY USING INDEX tbl_btree;
NOTICE:  ALTER TABLE / ADD CONSTRAINT USING INDEX will rename index "tbl_btree" to "tbl_pkey"
SELECT indexname, indexdef FROM pg_indexes
WHERE tablename = 'tbl'
ORDER BY indexname;
   indexname    |                                                       indexdef                                                        
----------------+-----------------------------------------------------------------------------------------------------------------------
 tbl_a_p_excl   | CREATE INDEX tbl_a_p_excl ON public.tbl USING btree (a) INCLUDE (p) WHERE (c2 < 'astring'::text)
 tbl_brin       | CREATE INDEX tbl_brin ON public.tbl USING brin (a) WITH (pages_per_range='1')
 tbl_c1_c2_excl | CREATE INDEX tbl_c1_c2_excl ON public.tbl USING gist (c1, ((c2)::circle)) WHERE (circle_center(c1) <> '(0,0)'::point)
 tbl_gin        | CREATE INDEX tbl_gin ON public.tbl USING gin (i)
 tbl_gist       | CREATE INDEX tbl_gist ON public.tbl USING gist (p)
 tbl_hash       | CREATE INDEX tbl_hash ON public.tbl USING hash (c2)
 tbl_pkey       | CREATE UNIQUE INDEX tbl_pkey ON public.tbl USING btree (a)
 tbl_unique     | CREATE UNIQUE INDEX tbl_unique ON public.tbl USING btree (c2)
(8 rows)

SELECT pg_get_constraintdef(oid) FROM pg_constraint WHERE conrelid = 'tbl'::regclass;
                                         pg_get_constraintdef                                          
-------------------------------------------------------------------------------------------------------
 EXCLUDE USING gist (c1 WITH &&, ((c2)::circle) WITH &&) WHERE ((circle_center(c1) <> '(0,0)'::point))
 EXCLUDE USING btree (a WITH =) INCLUDE (p) WHERE ((c2 < 'astring'::text))
 UNIQUE (c2)
 PRIMARY KEY (a)
(4 rows)

SELECT columnar.alter_table_set_access_method('tbl', 'columnar');
WARNING:  Index `CREATE INDEX tbl_brin ON public.tbl USING brin (a) WITH (pages_per_range='1')` cannot be created.
 alter_table_set_access_method 
-------------------------------
 t
(1 row)

SELECT COUNT(1) FROM pg_class WHERE relname = 'tbl' AND relam = (SELECT oid FROM pg_am WHERE amname = 'columnar');
 count 
-------
     1
(1 row)

SELECT indexname FROM pg_indexes WHERE tablename = 'tbl' ORDER BY indexname;
  indexname   
--------------
 tbl_a_p_excl
 tbl_gin
 tbl_gist
 tbl_hash
 tbl_pkey
 tbl_unique
(6 rows)

SELECT conname FROM pg_constraint
WHERE conrelid = 'tbl'::regclass
ORDER BY conname;
   conname    
--------------
 tbl_a_p_excl
 tbl_pkey
 tbl_unique
(3 rows)

-- Convert back to 'heap'
SELECT columnar.alter_table_set_access_method('tbl', 'heap');
 alter_table_set_access_method 
-------------------------------
 t
(1 row)

SELECT COUNT(1) FROM pg_class WHERE relname = 'tbl' AND relam = (SELECT oid FROM pg_am WHERE amname = 'heap');
 count 
-------
     1
(1 row)

SELECT indexname FROM pg_indexes WHERE tablename = 'tbl' ORDER BY indexname;
  indexname   
--------------
 tbl_a_p_excl
 tbl_gin
 tbl_gist
 tbl_hash
 tbl_pkey
 tbl_unique
(6 rows)

SELECT conname FROM pg_constraint
WHERE conrelid = 'tbl'::regclass
ORDER BY conname;
   conname    
--------------
 tbl_a_p_excl
 tbl_pkey
 tbl_unique
(3 rows)

DROP TABLE tbl;
-- 6. Check non existing table
SELECT columnar.alter_table_set_access_method('some_test', 'columnar');
WARNING:  Table public.some_test does not exist.
 alter_table_set_access_method 
-------------------------------
 f
(1 row)

-- 7. Check if method is different than columnar / heap
CREATE TABLE t(a INT);
SELECT columnar.alter_table_set_access_method('t', 'other');
WARNING:  Cannot convert table: Allowed access methods are heap and columnar.
 alter_table_set_access_method 
-------------------------------
 f
(1 row)

DROP TABLE t;
-- 8. Check if table have identity columns
CREATE TABLE identity_cols_test (a INT, b INT GENERATED BY DEFAULT AS IDENTITY (INCREMENT BY 42));
SELECT columnar.alter_table_set_access_method('identity_cols_test', 'columnar');
WARNING:  Cannot convert table: table public.identity_cols_test must not use GENERATED ... AS IDENTITY.
 alter_table_set_access_method 
-------------------------------
 f
(1 row)

DROP TABLE identity_cols_test;
-- 9. Check conversion to same AM
CREATE TABLE t(a INT);
-- fail (heap -> heap)
SELECT columnar.alter_table_set_access_method('t', 'heap');
WARNING:  Cannot convert table: conversion to same access method.
 alter_table_set_access_method 
-------------------------------
 f
(1 row)

SELECT COUNT(1) FROM pg_class WHERE relname = 't' AND relam = (SELECT oid FROM pg_am WHERE amname = 'heap');
 count 
-------
     1
(1 row)

-- ok (heap -> columnar)
SELECT columnar.alter_table_set_access_method('t', 'columnar');
 alter_table_set_access_method 
-------------------------------
 t
(1 row)

SELECT COUNT(1) FROM pg_class WHERE relname = 't' AND relam = (SELECT oid FROM pg_am WHERE amname = 'columnar');
 count 
-------
     1
(1 row)

-- fail (columnar -> columnar)
SELECT columnar.alter_table_set_access_method('t', 'columnar');
WARNING:  Cannot convert table: conversion to same access method.
 alter_table_set_access_method 
-------------------------------
 f
(1 row)

SELECT COUNT(1) FROM pg_class WHERE relname = 't' AND relam = (SELECT oid FROM pg_am WHERE amname = 'columnar');
 count 
-------
     1
(1 row)

-- ok (columnar -> heap)
SELECT columnar.alter_table_set_access_method('t', 'heap');
 alter_table_set_access_method 
-------------------------------
 t
(1 row)

SELECT COUNT(1) FROM pg_class WHERE relname = 't' AND relam = (SELECT oid FROM pg_am WHERE amname = 'heap');
 count 
-------
     1
(1 row)

DROP TABLE t;
-- 10. Check case sensitivity
CREATE TABLE "tBl" (
  c1 CIRCLE,
  "C2" TEXT,
  i int4[],
  p point,
  a int,
  EXCLUDE USING gist
    (c1 WITH &&, ("C2"::circle) WITH &&)
    WHERE (circle_center(c1) <> '(0,0)'),
  EXCLUDE USING btree
    (a WITH =)
	INCLUDE(p)
	WHERE ("C2" < 'astring')
);
CREATE INDEX "TBL_GIN" ON "tBl" USING gin (i);
CREATE INDEX tbl_gist ON "tBl" USING gist(p);
CREATE INDEX tbl_brin ON "tBl" USING brin (a) WITH (pages_per_range = 1);
CREATE INDEX tbl_hash ON "tBl" USING hash ("C2");
ALTER TABLE "tBl" ADD CONSTRAINT tbl_unique UNIQUE ("C2");
CREATE UNIQUE INDEX tbl_btree ON "tBl" USING btree (a);
ALTER TABLE "tBl" ADD CONSTRAINT tbl_pkey PRIMARY KEY USING INDEX tbl_btree;
NOTICE:  ALTER TABLE / ADD CONSTRAINT USING INDEX will rename index "tbl_btree" to "tbl_pkey"
SELECT indexname, indexdef FROM pg_indexes
WHERE tablename = 'tBl'
ORDER BY indexname;
   indexname    |                                                          indexdef                                                           
----------------+-----------------------------------------------------------------------------------------------------------------------------
 TBL_GIN        | CREATE INDEX "TBL_GIN" ON public."tBl" USING gin (i)
 tBl_a_p_excl   | CREATE INDEX "tBl_a_p_excl" ON public."tBl" USING btree (a) INCLUDE (p) WHERE ("C2" < 'astring'::text)
 tBl_c1_C2_excl | CREATE INDEX "tBl_c1_C2_excl" ON public."tBl" USING gist (c1, (("C2")::circle)) WHERE (circle_center(c1) <> '(0,0)'::point)
 tbl_brin       | CREATE INDEX tbl_brin ON public."tBl" USING brin (a) WITH (pages_per_range='1')
 tbl_gist       | CREATE INDEX tbl_gist ON public."tBl" USING gist (p)
 tbl_hash       | CREATE INDEX tbl_hash ON public."tBl" USING hash ("C2")
 tbl_pkey       | CREATE UNIQUE INDEX tbl_pkey ON public."tBl" USING btree (a)
 tbl_unique     | CREATE UNIQUE INDEX tbl_unique ON public."tBl" USING btree ("C2")
(8 rows)

SELECT pg_get_constraintdef(oid) FROM pg_constraint WHERE conrelid = '"tBl"'::regclass;
                                          pg_get_constraintdef                                           
---------------------------------------------------------------------------------------------------------
 EXCLUDE USING gist (c1 WITH &&, (("C2")::circle) WITH &&) WHERE ((circle_center(c1) <> '(0,0)'::point))
 EXCLUDE USING btree (a WITH =) INCLUDE (p) WHERE (("C2" < 'astring'::text))
 UNIQUE ("C2")
 PRIMARY KEY (a)
(4 rows)

SELECT columnar.alter_table_set_access_method('"tBl"', 'columnar');
WARNING:  Index `CREATE INDEX tbl_brin ON public."tBl" USING brin (a) WITH (pages_per_range='1')` cannot be created.
 alter_table_set_access_method 
-------------------------------
 t
(1 row)

SELECT COUNT(1) FROM pg_class WHERE relname = 'tBl' AND relam = (SELECT oid FROM pg_am WHERE amname = 'columnar');
 count 
-------
     1
(1 row)

SELECT indexname FROM pg_indexes WHERE tablename = 'tBl' ORDER BY indexname;
  indexname   
--------------
 TBL_GIN
 tbl_a_p_excl
 tbl_gist
 tbl_hash
 tbl_pkey
 tbl_unique
(6 rows)

SELECT conname FROM pg_constraint
WHERE conrelid = '"tBl"'::regclass
ORDER BY conname;
   conname    
--------------
 tbl_a_p_excl
 tbl_pkey
 tbl_unique
(3 rows)

-- Convert back to 'heap'
SELECT columnar.alter_table_set_access_method('"tBl"', 'heap');
 alter_table_set_access_method 
-------------------------------
 t
(1 row)

SELECT COUNT(1) FROM pg_class WHERE relname = 'tBl' AND relam = (SELECT oid FROM pg_am WHERE amname = 'heap');
 count 
-------
     1
(1 row)

SELECT indexname FROM pg_indexes WHERE tablename = 'tBl' ORDER BY indexname;
  indexname   
--------------
 TBL_GIN
 tbl_a_p_excl
 tbl_gist
 tbl_hash
 tbl_pkey
 tbl_unique
(6 rows)

SELECT conname FROM pg_constraint
WHERE conrelid = '"tBl"'::regclass
ORDER BY conname;
   conname    
--------------
 tbl_a_p_excl
 tbl_pkey
 tbl_unique
(3 rows)

DROP TABLE "tBl";
-- 11. Check case sensitivity and schema sensitivity
CREATE SCHEMA "tEST";
CREATE TABLE "tEST"."tBl" (
  c1 CIRCLE,
  "C2" TEXT,
  i int4[],
  p point,
  a int,
  EXCLUDE USING gist
    (c1 WITH &&, ("C2"::circle) WITH &&)
    WHERE (circle_center(c1) <> '(0,0)'),
  EXCLUDE USING btree
    (a WITH =)
	INCLUDE(p)
	WHERE ("C2" < 'astring')
);
CREATE INDEX "TBL_GIN" ON "tEST"."tBl" USING gin (i);
CREATE INDEX tbl_gist ON "tEST"."tBl" USING gist(p);
CREATE INDEX tbl_brin ON "tEST"."tBl" USING brin (a) WITH (pages_per_range = 1);
CREATE INDEX tbl_hash ON "tEST"."tBl" USING hash ("C2");
ALTER TABLE "tEST"."tBl" ADD CONSTRAINT tbl_unique UNIQUE ("C2");
CREATE UNIQUE INDEX tbl_btree ON "tEST"."tBl" USING btree (a);
ALTER TABLE "tEST"."tBl" ADD CONSTRAINT tbl_pkey PRIMARY KEY USING INDEX tbl_btree;
NOTICE:  ALTER TABLE / ADD CONSTRAINT USING INDEX will rename index "tbl_btree" to "tbl_pkey"
SELECT indexname, indexdef FROM pg_indexes
WHERE tablename = 'tBl'
ORDER BY indexname;
   indexname    |                                                          indexdef                                                           
----------------+-----------------------------------------------------------------------------------------------------------------------------
 TBL_GIN        | CREATE INDEX "TBL_GIN" ON "tEST"."tBl" USING gin (i)
 tBl_a_p_excl   | CREATE INDEX "tBl_a_p_excl" ON "tEST"."tBl" USING btree (a) INCLUDE (p) WHERE ("C2" < 'astring'::text)
 tBl_c1_C2_excl | CREATE INDEX "tBl_c1_C2_excl" ON "tEST"."tBl" USING gist (c1, (("C2")::circle)) WHERE (circle_center(c1) <> '(0,0)'::point)
 tbl_brin       | CREATE INDEX tbl_brin ON "tEST"."tBl" USING brin (a) WITH (pages_per_range='1')
 tbl_gist       | CREATE INDEX tbl_gist ON "tEST"."tBl" USING gist (p)
 tbl_hash       | CREATE INDEX tbl_hash ON "tEST"."tBl" USING hash ("C2")
 tbl_pkey       | CREATE UNIQUE INDEX tbl_pkey ON "tEST"."tBl" USING btree (a)
 tbl_unique     | CREATE UNIQUE INDEX tbl_unique ON "tEST"."tBl" USING btree ("C2")
(8 rows)

SELECT pg_get_constraintdef(oid) FROM pg_constraint WHERE conrelid = '"tEST"."tBl"'::regclass;
                                          pg_get_constraintdef                                           
---------------------------------------------------------------------------------------------------------
 EXCLUDE USING gist (c1 WITH &&, (("C2")::circle) WITH &&) WHERE ((circle_center(c1) <> '(0,0)'::point))
 EXCLUDE USING btree (a WITH =) INCLUDE (p) WHERE (("C2" < 'astring'::text))
 UNIQUE ("C2")
 PRIMARY KEY (a)
(4 rows)

SELECT columnar.alter_table_set_access_method('"tEST"."tBl"', 'columnar');
WARNING:  Index `CREATE INDEX tbl_brin ON "tEST"."tBl" USING brin (a) WITH (pages_per_range='1')` cannot be created.
 alter_table_set_access_method 
-------------------------------
 t
(1 row)

SELECT COUNT(1) FROM pg_class WHERE relname = 'tBl' AND relam = (SELECT oid FROM pg_am WHERE amname = 'columnar');
 count 
-------
     1
(1 row)

SELECT indexname FROM pg_indexes WHERE tablename = 'tBl' ORDER BY indexname;
  indexname   
--------------
 TBL_GIN
 tbl_a_p_excl
 tbl_gist
 tbl_hash
 tbl_pkey
 tbl_unique
(6 rows)

SELECT conname FROM pg_constraint
WHERE conrelid = '"tEST"."tBl"'::regclass
ORDER BY conname;
   conname    
--------------
 tbl_a_p_excl
 tbl_pkey
 tbl_unique
(3 rows)

-- Convert back to 'heap'
SELECT columnar.alter_table_set_access_method('"tEST"."tBl"', 'heap');
 alter_table_set_access_method 
-------------------------------
 t
(1 row)

SELECT COUNT(1) FROM pg_class WHERE relname = 'tBl' AND relam = (SELECT oid FROM pg_am WHERE amname = 'heap');
 count 
-------
     1
(1 row)

SELECT indexname FROM pg_indexes WHERE tablename = 'tBl' ORDER BY indexname;
  indexname   
--------------
 TBL_GIN
 tbl_a_p_excl
 tbl_gist
 tbl_hash
 tbl_pkey
 tbl_unique
(6 rows)

SELECT conname FROM pg_constraint
WHERE conrelid = '"tEST"."tBl"'::regclass
ORDER BY conname;
   conname    
--------------
 tbl_a_p_excl
 tbl_pkey
 tbl_unique
(3 rows)

DROP TABLE "tEST"."tBl";
DROP SCHEMA "tEST";
